// Jest Snapshot v1, https://goo.gl/fbAQLP

exports[`Correctly ErrorScreen render 1`] = `
<div
  className="user-page"
>
  <header
    className="page-header user-page__head"
  >
    <div
      className="logo"
    >
      <a
        className="logo__link"
        href="/"
        onClick={[Function]}
      >
        <span
          className="logo__letter logo__letter--1"
        >
          W
        </span>
        <span
          className="logo__letter logo__letter--2"
        >
          T
        </span>
        <span
          className="logo__letter logo__letter--3"
        >
          W
        </span>
      </a>
    </div>
  </header>
  <div
    className="sign-in user-page__content"
  >
    <div
      className="sign-in__message"
    >
      <p>
        Ошибка 400: Вы ввели неверные данные
      </p>
    </div>
  </div>
  <footer
    className="page-footer"
  >
    <div
      className="logo"
    >
      <a
        className="logo__link logo__link--light"
        href="/"
        onClick={[Function]}
      >
        <span
          className="logo__letter logo__letter--1"
        >
          W
        </span>
        <span
          className="logo__letter logo__letter--2"
        >
          T
        </span>
        <span
          className="logo__letter logo__letter--3"
        >
          W
        </span>
      </a>
    </div>
    <div
      className="copyright"
    >
      <p>
        © 
        2020
         What to watch Ltd.
      </p>
    </div>
  </footer>
</div>
`;
