// Jest Snapshot v1, https://goo.gl/fbAQLP

exports[`with button renders correctly 1`] = `
<div>
  <video
    autoPlay={true}
    className="small-movie-card__video"
    height="175"
    muted={true}
    poster="../img/aviator.jpg"
    width="280"
  >
    <source
      src="https://download.blender.org/durian/trailer/sintel_trailer-480p.mp4"
    />
  </video>
</div>
`;
