// Jest Snapshot v1, https://goo.gl/fbAQLP

exports[`with full screen videoplayer snapshot it renders correctly 1`] = `<div />`;
