// Jest Snapshot v1, https://goo.gl/fbAQLP

exports[`main renders correctly it renders correctly 1`] = `
Array [
  <div
    className="movie-rating"
  >
    <div
      className="movie-rating__score"
    >
      8
    </div>
    <p
      className="movie-rating__meta"
    >
      <span
        className="movie-rating__level"
      >
        Good
      </span>
      <span
        className="movie-rating__count"
      >
        200
      </span>
    </p>
  </div>,
  <div
    className="movie-card__text"
  >
    <p>
      Early in World War II, an inexperienced U.S. Navy captain must lead an Allied convoy being stalked by Nazi U-boat wolfpacks.
    </p>
    <p
      className="movie-card__director"
    >
      <strong>
        Director: 
        Rian Johnson
      </strong>
    </p>
    <p
      className="movie-card__starring"
    >
      <strong>
        Starring: 
        Anthony Mann, Guy Ritchie
        and other
      </strong>
    </p>
  </div>,
]
`;
