// Jest Snapshot v1, https://goo.gl/fbAQLP

exports[`main renders correctly it renders correctly 1`] = `
<article
  className="small-movie-card catalog__movies-card"
>
  <div
    className="small-movie-card__image"
    onClick={[Function]}
    onMouseOut={[Function]}
    onMouseOver={[Function]}
  >
    <img
      alt="Aviator"
      height="175"
      width="280"
    />
  </div>
  <h3
    className="small-movie-card__title"
    onClick={[Function]}
  >
    <a
      className="small-movie-card__link"
      href="movie-page.html"
    >
      Aviator
    </a>
  </h3>
</article>
`;
