// Jest Snapshot v1, https://goo.gl/fbAQLP

exports[`with filter snapshot it renders correctly 1`] = `<div />`;
