// Jest Snapshot v1, https://goo.gl/fbAQLP

exports[`film deatails it renders correctly 1`] = `
Array [
  <section
    className="movie-card movie-card--full"
    style={
      Object {
        "backgroundColor": "white",
      }
    }
  >
    <div
      className="movie-card__hero"
    >
      <div
        className="movie-card__bg"
      >
        <img
          alt="Dardjeeling Limited"
          src="img/johnny-english.jpg"
        />
      </div>
      <h1
        className="visually-hidden"
      >
        WTW
      </h1>
      <header
        className="page-header movie-card__head"
      >
        <div
          className="logo"
        >
          <a
            className="logo__link"
            href="/"
            onClick={[Function]}
          >
            <span
              className="logo__letter logo__letter--1"
            >
              W
            </span>
            <span
              className="logo__letter logo__letter--2"
            >
              T
            </span>
            <span
              className="logo__letter logo__letter--3"
            >
              W
            </span>
          </a>
        </div>
        <div
          className="user-block"
        >
          <a
            className="user-block__link"
            href="/login"
            onClick={[Function]}
          >
            Sign in
          </a>
        </div>
      </header>
      <div
        className="movie-card__wrap"
      >
        <div
          className="movie-card__desc"
        >
          <h2
            className="movie-card__title"
          >
            Dardjeeling Limited
          </h2>
          <p
            className="movie-card__meta"
          >
            <span
              className="movie-card__genre"
            >
              criminal
            </span>
            <span
              className="movie-card__year"
            >
              1947
            </span>
          </p>
          <div
            className="movie-card__buttons"
          >
            <button
              className="btn btn--play movie-card__button"
              onClick={[Function]}
              type="button"
            >
              <svg
                height="19"
                viewBox="0 0 19 19"
                width="19"
              >
                <use
                  xlinkHref="#play-s"
                />
              </svg>
              <span>
                Play
              </span>
            </button>
            <button
              className="btn btn--list movie-card__button"
              onClick={[Function]}
              type="button"
            >
              <svg
                height="14"
                viewBox="0 0 18 14"
                width="18"
              >
                <use
                  xlinkHref="#in-list"
                />
              </svg>
              <span>
                My list
              </span>
            </button>
            <a
              className="btn movie-card__button"
              href="/films/1/review"
              onClick={[Function]}
            >
              Add review
            </a>
          </div>
        </div>
      </div>
    </div>
    <div
      className="movie-card__wrap movie-card__translate-top"
    >
      <div
        className="movie-card__info"
      >
        <div
          className="movie-card__poster movie-card__poster--big"
        >
          <img
            alt="Dardjeeling Limited"
            height="327"
            src="img/no-country-for-old-men.jpg"
            width="218"
          />
        </div>
        <div
          className="movie-card__desc"
        >
          <nav
            className="movie-nav movie-card__nav"
          >
            <ul
              className="movie-nav__list"
            >
              <li
                className="movie-nav__item movie-nav__item--active"
              >
                <a
                  className="movie-nav__link"
                  data-tab="Overview"
                  href="#"
                  onClick={[Function]}
                >
                  Overview
                </a>
              </li>
              <li
                className="movie-nav__item "
              >
                <a
                  className="movie-nav__link"
                  data-tab="Details"
                  href="#"
                  onClick={[Function]}
                >
                  Details
                </a>
              </li>
              <li
                className="movie-nav__item "
              >
                <a
                  className="movie-nav__link"
                  data-tab="Reviews"
                  href="#"
                  onClick={[Function]}
                >
                  Reviews
                </a>
              </li>
            </ul>
          </nav>
          <div
            className="movie-rating"
          >
            <div
              className="movie-rating__score"
            >
              4.4
            </div>
            <p
              className="movie-rating__meta"
            >
              <span
                className="movie-rating__level"
              >
                Normal
              </span>
              <span
                className="movie-rating__count"
              >
                448
                 rating
              </span>
            </p>
          </div>
          <div
            className="movie-card__text"
          >
            <p>
              A hardened CIA operative ercy of a precocious 9-year-old girl, having been sent undercover to surveil her family.
            </p>
            <p
              className="movie-card__director"
            >
              <strong>
                Director: 
                Anthony Mann
              </strong>
            </p>
            <p
              className="movie-card__starring"
            >
              <strong>
                Starring: 
                Heinz Herald, Anthony Mann, Erich von Stroheim, Charlie Hunnam
                and other
              </strong>
            </p>
          </div>
        </div>
      </div>
    </div>
  </section>,
  <div
    className="page-content"
  >
    <section
      className="catalog catalog--like-this"
    >
      <h2
        className="catalog__title"
      >
        More like this
      </h2>
      <div
        className="catalog__movies-list"
      >
        <div
          className="catalog__movies-list"
        >
          <article
            className="small-movie-card catalog__movies-card"
          >
            <div
              className="small-movie-card__image"
              data-id={2}
              onClick={[Function]}
              onMouseOut={[Function]}
              onMouseOver={[Function]}
            >
              <img
                alt="Dardjeeling Limited"
                className="small-movie-card__pic"
                height="175"
                src="img/no-country-for-old-men.jpg"
                width="280"
              />
            </div>
            <h3
              className="small-movie-card__title"
              onClick={[Function]}
            >
              <a
                className="small-movie-card__link"
                data-id={2}
                href="movie-page.html"
              >
                Dardjeeling Limited
              </a>
            </h3>
          </article>
          <article
            className="small-movie-card catalog__movies-card"
          >
            <div
              className="small-movie-card__image"
              data-id={3}
              onClick={[Function]}
              onMouseOut={[Function]}
              onMouseOver={[Function]}
            >
              <img
                alt="Dardjeeling Limited"
                className="small-movie-card__pic"
                height="175"
                src="img/no-country-for-old-men.jpg"
                width="280"
              />
            </div>
            <h3
              className="small-movie-card__title"
              onClick={[Function]}
            >
              <a
                className="small-movie-card__link"
                data-id={3}
                href="movie-page.html"
              >
                Dardjeeling Limited
              </a>
            </h3>
          </article>
        </div>
      </div>
    </section>
    <footer
      className="page-footer"
    >
      <div
        className="logo"
      >
        <a
          className="logo__link logo__link--light"
        >
          <span
            className="logo__letter logo__letter--1"
          >
            W
          </span>
          <span
            className="logo__letter logo__letter--2"
          >
            T
          </span>
          <span
            className="logo__letter logo__letter--3"
          >
            W
          </span>
        </a>
      </div>
      <div
        className="copyright"
      >
        <p>
          Â© 2019 What to watch Ltd.
        </p>
      </div>
    </footer>
  </div>,
]
`;
