// Jest Snapshot v1, https://goo.gl/fbAQLP

exports[`app renders correctly it renders correctly 1`] = `null`;
