// Jest Snapshot v1, https://goo.gl/fbAQLP

exports[`main renders correctly it renders correctly 1`] = `
<div
  className="page-content"
>
  <section
    className="catalog catalog--like-this"
  >
    <h2
      className="catalog__title"
    >
      More like this
    </h2>
    <div
      className="catalog__movies-list"
    >
      <div
        className="catalog__movies-list"
      >
        <article
          className="small-movie-card catalog__movies-card"
        >
          <div
            className="small-movie-card__image"
            data-id={2}
            onClick={[Function]}
            onMouseOut={[Function]}
            onMouseOver={[Function]}
          >
            <img
              alt="Bohemian Rhapsody"
              className="small-movie-card__pic"
              height="175"
              src="img/bohemian-rhapsody.jpg"
              width="280"
            />
          </div>
          <h3
            className="small-movie-card__title"
            onClick={[Function]}
          >
            <a
              className="small-movie-card__link"
              data-id={2}
              href="movie-page.html"
            >
              Bohemian Rhapsody
            </a>
          </h3>
        </article>
        <article
          className="small-movie-card catalog__movies-card"
        >
          <div
            className="small-movie-card__image"
            data-id={3}
            onClick={[Function]}
            onMouseOut={[Function]}
            onMouseOver={[Function]}
          >
            <img
              alt="Macbeth"
              className="small-movie-card__pic"
              height="175"
              src="img/macbeth.jpg"
              width="280"
            />
          </div>
          <h3
            className="small-movie-card__title"
            onClick={[Function]}
          >
            <a
              className="small-movie-card__link"
              data-id={3}
              href="movie-page.html"
            >
              Macbeth
            </a>
          </h3>
        </article>
        <article
          className="small-movie-card catalog__movies-card"
        >
          <div
            className="small-movie-card__image"
            data-id={4}
            onClick={[Function]}
            onMouseOut={[Function]}
            onMouseOver={[Function]}
          >
            <img
              alt="Aviator"
              className="small-movie-card__pic"
              height="175"
              src="img/aviator.jpg"
              width="280"
            />
          </div>
          <h3
            className="small-movie-card__title"
            onClick={[Function]}
          >
            <a
              className="small-movie-card__link"
              data-id={4}
              href="movie-page.html"
            >
              Aviator
            </a>
          </h3>
        </article>
      </div>
    </div>
  </section>
  <footer
    className="page-footer"
  >
    <div
      className="logo"
    >
      <a
        className="logo__link logo__link--light"
      >
        <span
          className="logo__letter logo__letter--1"
        >
          W
        </span>
        <span
          className="logo__letter logo__letter--2"
        >
          T
        </span>
        <span
          className="logo__letter logo__letter--3"
        >
          W
        </span>
      </a>
    </div>
    <div
      className="copyright"
    >
      <p>
        Â© 2019 What to watch Ltd.
      </p>
    </div>
  </footer>
</div>
`;
